// Vitest Snapshot v1, https://vitest.dev/guide/snapshot.html

exports[`golden run > a seeded autoplay run over a tier-climbing rail is fully deterministic 1`] = `
{
  "accuracy": 0.9395973154362416,
  "correct": 140,
  "durationMs": 10466.666666666644,
  "eventCount": 223,
  "eventLogHash": 913426483,
  "kills": 20,
  "maxCombo": 5,
  "missed": 9,
  "score": 3080,
  "wpm": 160.50955414012773,
}
`;
